marcel@Lenovo-PC:~$ cp /c/^C
marcel@Lenovo-PC:~$ df
Filesystem     1K-blocks      Used Available Use% Mounted on
rootfs         933058556 262757472 670301084  29% /
none           933058556 262757472 670301084  29% /dev
none           933058556 262757472 670301084  29% /run
none           933058556 262757472 670301084  29% /run/lock
none           933058556 262757472 670301084  29% /run/shm
none           933058556 262757472 670301084  29% /run/user
tmpfs          933058556 262757472 670301084  29% /sys/fs/cgroup
C:\            933058556 262757472 670301084  29% /mnt/c
D:\             26214396   2463016  23751380  10% /mnt/d
marcel@Lenovo-PC:~$ cp /mnt/c/Users/Marcel/Downloads/secondary.pem .
marcel@Lenovo-PC:~$ chmod 400 secondary.pem
marcel@Lenovo-PC:~$ ll
total 24
drwxr-xr-x 1 marcel marcel 4096 Dec 13 22:00 ./
drwxr-xr-x 1 root   root   4096 Jul  4 23:49 ../
-rw------- 1 marcel marcel  819 Dec  9 09:16 .bash_history
-rw-r--r-- 1 marcel marcel  220 Jul  4 23:49 .bash_logout
-rw-r--r-- 1 marcel marcel 3771 Jul  4 23:49 .bashrc
drwxr-xr-x 1 marcel marcel 4096 Jul  4 23:50 .landscape/
drwxr-xr-x 1 marcel marcel 4096 Dec  8 21:42 .local/
-rw-rw-rw- 1 marcel marcel    0 Dec 13 19:55 .motd_shown
-rw-r--r-- 1 marcel marcel  807 Jul  4 23:49 .profile
drwx------ 1 marcel marcel 4096 Dec 13 20:06 .ssh/
-rw-r--r-- 1 marcel marcel    0 Jul  4 23:52 .sudo_as_admin_successful
-rw------- 1 marcel marcel 1976 Dec  8 21:43 .viminfo
-r-------- 1 marcel marcel 1678 Dec 13 22:00 secondary.pem
-r-------- 1 marcel marcel 1678 Dec 13 20:07 udacity.pem
marcel@Lenovo-PC:~$ ssh -i "secondary.pem" ec2-user@ec2-54-218-100-178.us-west-2.compute.amazonaws.com
ssh: connect to host ec2-54-218-100-178.us-west-2.compute.amazonaws.com port 22: Resource temporarily unavailable
marcel@Lenovo-PC:~$ ssh -i "secondary.pem" ec2-user@ec2-54-218-100-178.us-west-2.compute.amazonaws.com
ssh: connect to host ec2-54-218-100-178.us-west-2.compute.amazonaws.com port 22: Connection refused
marcel@Lenovo-PC:~$ ssh -i "secondary.pem" ec2-user@ec2-54-218-100-178.us-west-2.compute.amazonaws.com
The authenticity of host 'ec2-54-218-100-178.us-west-2.compute.amazonaws.com (54.218.100.178)' can't be established.
ECDSA key fingerprint is SHA256:hcGaHbEXpysXr4wuqSd2DQXolKtT7svbYTL92oAhU74.
Are you sure you want to continue connecting (yes/no/[fingerprint])? yes
Warning: Permanently added 'ec2-54-218-100-178.us-west-2.compute.amazonaws.com,54.218.100.178' (ECDSA) to the list of known hosts.
[ec2-user@ip-10-10-38-47 ~]$ sudo yum update -y
Red Hat Update Infrastructure 3 Client Configuration Server 8                                                                                          8.0 kB/s | 3.5 kB     00:00
Red Hat Enterprise Linux 8 for x86_64 - AppStream from RHUI (RPMs)                                                                                      28 MB/s |  24 MB     00:00
Red Hat Enterprise Linux 8 for x86_64 - BaseOS from RHUI (RPMs)                                                                                         30 MB/s |  25 MB     00:00
Dependencies resolved.
=======================================================================================================================================================================================
 Package                                Architecture                    Version                                                 Repository                                        Size
=======================================================================================================================================================================================
Upgrading:
 freetype                               x86_64                          2.9.1-4.el8_3.1                                         rhel-8-baseos-rhui-rpms                          394 k
 microcode_ctl                          x86_64                          4:20200609-2.20201027.1.el8_3                           rhel-8-baseos-rhui-rpms                          4.5 M

Transaction Summary
=======================================================================================================================================================================================
Upgrade  2 Packages

Total download size: 4.9 M
Downloading Packages:
(1/2): freetype-2.9.1-4.el8_3.1.x86_64.rpm                                                                                                             2.5 MB/s | 394 kB     00:00
(2/2): microcode_ctl-20200609-2.20201027.1.el8_3.x86_64.rpm                                                                                             19 MB/s | 4.5 MB     00:00
---------------------------------------------------------------------------------------------------------------------------------------------------------------------------------------
Total                                                                                                                                                   18 MB/s | 4.9 MB     00:00
Running transaction check
Transaction check succeeded.
Running transaction test
Transaction test succeeded.
Running transaction
  Preparing        :                                                                                                                                                               1/1
  Running scriptlet: microcode_ctl-4:20200609-2.20201027.1.el8_3.x86_64                                                                                                            1/1
  Upgrading        : microcode_ctl-4:20200609-2.20201027.1.el8_3.x86_64                                                                                                            1/4
  Running scriptlet: microcode_ctl-4:20200609-2.20201027.1.el8_3.x86_64                                                                                                            1/4
  Upgrading        : freetype-2.9.1-4.el8_3.1.x86_64                                                                                                                               2/4
  Running scriptlet: microcode_ctl-4:20200609-2.el8.x86_64                                                                                                                         3/4
  Cleanup          : microcode_ctl-4:20200609-2.el8.x86_64                                                                                                                         3/4
  Running scriptlet: microcode_ctl-4:20200609-2.el8.x86_64                                                                                                                         3/4
  Cleanup          : freetype-2.9.1-4.el8.x86_64                                                                                                                                   4/4
  Running scriptlet: microcode_ctl-4:20200609-2.20201027.1.el8_3.x86_64                                                                                                            4/4
  Running scriptlet: freetype-2.9.1-4.el8.x86_64                                                                                                                                   4/4
  Verifying        : freetype-2.9.1-4.el8_3.1.x86_64                                                                                                                               1/4
  Verifying        : freetype-2.9.1-4.el8.x86_64                                                                                                                                   2/4
  Verifying        : microcode_ctl-4:20200609-2.20201027.1.el8_3.x86_64                                                                                                            3/4
  Verifying        : microcode_ctl-4:20200609-2.el8.x86_64                                                                                                                         4/4

Upgraded:
  freetype-2.9.1-4.el8_3.1.x86_64                                                  microcode_ctl-4:20200609-2.20201027.1.el8_3.x86_64

Complete!
[ec2-user@ip-10-10-38-47 ~]$ sudo yum install mysql
Last metadata expiration check: 0:01:08 ago on Mon Dec 14 03:04:45 2020.
Dependencies resolved.
=======================================================================================================================================================================================
 Package                                       Architecture              Version                                                   Repository                                     Size
=======================================================================================================================================================================================
Installing:
 mysql                                         x86_64                    8.0.21-1.module+el8.2.0+7855+47abd494                     rhel-8-appstream-rhui-rpms                     12 M
Installing dependencies:
 mariadb-connector-c-config                    noarch                    3.0.7-1.el8                                               rhel-8-appstream-rhui-rpms                     13 k
 mysql-common                                  x86_64                    8.0.21-1.module+el8.2.0+7855+47abd494                     rhel-8-appstream-rhui-rpms                    148 k
Enabling module streams:
 mysql                                                                   8.0

Transaction Summary
=======================================================================================================================================================================================
Install  3 Packages

Total download size: 12 M
Installed size: 63 M
Is this ok [y/N]: y
Downloading Packages:
(1/3): mariadb-connector-c-config-3.0.7-1.el8.noarch.rpm                                                                                                95 kB/s |  13 kB     00:00
(2/3): mysql-common-8.0.21-1.module+el8.2.0+7855+47abd494.x86_64.rpm                                                                                   906 kB/s | 148 kB     00:00
(3/3): mysql-8.0.21-1.module+el8.2.0+7855+47abd494.x86_64.rpm                                                                                           24 MB/s |  12 MB     00:00
---------------------------------------------------------------------------------------------------------------------------------------------------------------------------------------
Total                                                                                                                                                   17 MB/s |  12 MB     00:00
Running transaction check
Transaction check succeeded.
Running transaction test
Transaction test succeeded.
Running transaction
  Preparing        :                                                                                                                                                               1/1
  Installing       : mariadb-connector-c-config-3.0.7-1.el8.noarch                                                                                                                 1/3
  Installing       : mysql-common-8.0.21-1.module+el8.2.0+7855+47abd494.x86_64                                                                                                     2/3
  Installing       : mysql-8.0.21-1.module+el8.2.0+7855+47abd494.x86_64                                                                                                            3/3
  Running scriptlet: mysql-8.0.21-1.module+el8.2.0+7855+47abd494.x86_64                                                                                                            3/3
  Verifying        : mysql-common-8.0.21-1.module+el8.2.0+7855+47abd494.x86_64                                                                                                     1/3
  Verifying        : mysql-8.0.21-1.module+el8.2.0+7855+47abd494.x86_64                                                                                                            2/3
  Verifying        : mariadb-connector-c-config-3.0.7-1.el8.noarch                                                                                                                 3/3

Installed:
  mariadb-connector-c-config-3.0.7-1.el8.noarch          mysql-8.0.21-1.module+el8.2.0+7855+47abd494.x86_64          mysql-common-8.0.21-1.module+el8.2.0+7855+47abd494.x86_64

Complete!
[ec2-user@ip-10-10-38-47 ~]$ mysql -h udacity-replica.cxa9aazf092z.us-west-2.rds.amazonaws.com -P 3306 -u admin -p
Enter password:
Welcome to the MySQL monitor.  Commands end with ; or \g.
Your MySQL connection id is 41
Server version: 8.0.20 Source distribution

Copyright (c) 2000, 2020, Oracle and/or its affiliates. All rights reserved.

Oracle is a registered trademark of Oracle Corporation and/or its
affiliates. Other names may be trademarks of their respective
owners.

Type 'help;' or '\h' for help. Type '\c' to clear the current input statement.

mysql> show databases;
+--------------------+
| Database           |
+--------------------+
| information_schema |
| mysql              |
| performance_schema |
| udacity            |
+--------------------+
4 rows in set (0.00 sec)

mysql> use udacity;
Reading table information for completion of table and column names
You can turn off this feature to get a quicker startup with -A

Database changed
mysql> show tables;
+-------------------+
| Tables_in_udacity |
+-------------------+
| pet               |
+-------------------+
1 row in set (0.00 sec)

mysql> select * from pet;
+----------+-------+---------+------+------------+-------+
| name     | owner | species | sex  | birth      | death |
+----------+-------+---------+------+------------+-------+
| Puffball | Diane | hamster | f    | 1999-03-30 | NULL  |
| Puffball | Diane | hamster | f    | 1999-03-30 | NULL  |
+----------+-------+---------+------+------------+-------+
2 rows in set (0.00 sec)

mysql> insert into pet VALUES ('Puffball','Diane','hamster','f','1999-03-30',NULL);
ERROR 1290 (HY000): The MySQL server is running with the --read-only option so it cannot execute this statement
mysql>