Welcome to Ubuntu 20.04.1 LTS (GNU/Linux 4.4.0-19041-Microsoft x86_64)

 * Documentation:  https://help.ubuntu.com
 * Management:     https://landscape.canonical.com
 * Support:        https://ubuntu.com/advantage

  System information as of Sun Dec 20 15:24:41 EST 2020

  System load:    0.52      Processes:              7
  Usage of /home: unknown   Users logged in:        0
  Memory usage:   80%       IPv4 address for wifi0: 10.0.0.149
  Swap usage:     4%


12 updates can be installed immediately.
10 of these updates are security updates.
To see these additional updates run: apt list --upgradable



This message is shown once a day. To disable it please create the
/home/marcel/.hushlogin file.
marcel@Lenovo-PC:~$ ll -art
total 16
drwxr-xr-x 1 root   root   4096 Jul  4 23:49 ../
-rw-r--r-- 1 marcel marcel  220 Jul  4 23:49 .bash_logout
-rw-r--r-- 1 marcel marcel  807 Jul  4 23:49 .profile
drwxr-xr-x 1 marcel marcel 4096 Jul  4 23:50 .landscape/
-rw-r--r-- 1 marcel marcel    0 Jul  4 23:52 .sudo_as_admin_successful
drwxr-xr-x 1 marcel marcel 4096 Dec  8 21:42 .local/
-rw------- 1 marcel marcel 1976 Dec  8 21:43 .viminfo
drwx------ 1 marcel marcel 4096 Dec 13 20:06 .ssh/
drwxr-xr-x 1 marcel marcel 4096 Dec 14 15:48 aws.pemkeys/
drwxr-xr-x 1 marcel marcel 4096 Dec 14 16:25 .aws/
-rw-r--r-- 1 marcel marcel 3813 Dec 18 21:30 .bashrc
drwxr-xr-x 1 marcel marcel 4096 Dec 18 21:34 .vscode-server/
drwxr-xr-x 1 marcel marcel 4096 Dec 18 22:23 ./
drwxr-xr-x 1 marcel marcel 4096 Dec 18 22:24 .terraform.d/
drwxr-xr-x 1 marcel marcel 4096 Dec 18 22:31 terraform_home/
-rw------- 1 marcel marcel 3750 Dec 18 22:57 .bash_history
-rw-rw-rw- 1 marcel marcel    0 Dec 20 15:25 .motd_shown
marcel@Lenovo-PC:~$ ll aws.pemkeys/
total 8
drwxr-xr-x 1 marcel marcel 4096 Dec 14 15:48 ./
drwxr-xr-x 1 marcel marcel 4096 Dec 18 22:23 ../
-r-------- 1 marcel marcel 1678 Dec 13 22:00 secondary.pem
-r-------- 1 marcel marcel 1678 Dec 13 20:07 udacity.pem
marcel@Lenovo-PC:~$ cd aws.pemkeys/
marcel@Lenovo-PC:~/aws.pemkeys$ ssh -i "udacity.pem" ec2-user@ec2-3-239-158-149.compute-1.amazonaws.com
The authenticity of host 'ec2-3-239-158-149.compute-1.amazonaws.com (3.239.158.149)' can't be established.
ECDSA key fingerprint is SHA256:bU8fuJVe3wfwi/1X1hsMW34FcEy4yRiPNy4FKe8Fvcs.
Are you sure you want to continue connecting (yes/no/[fingerprint])? yes
Warning: Permanently added 'ec2-3-239-158-149.compute-1.amazonaws.com,3.239.158.149' (ECDSA) to the list of known hosts.[ec2-user@ip-10-1-32-217 ~]$ sudo install mysql
install: missing destination file operand after 'mysql'
Try 'install --help' for more information.
[ec2-user@ip-10-1-32-217 ~]$ sudo yum install mysql
Red Hat Update Infrastructure 3 Client Configuration Server 8                            13 kB/s | 3.5 kB     00:00
Red Hat Enterprise Linux 8 for x86_64 - AppStream from RHUI (RPMs)                       30 MB/s |  25 MB     00:00
Red Hat Enterprise Linux 8 for x86_64 - BaseOS from RHUI (RPMs)                          41 MB/s |  26 MB     00:00
Dependencies resolved.
======================================================================================================================== Package                       Arch      Version                                    Repository                     Size
========================================================================================================================Installing:
 mysql                         x86_64    8.0.21-1.module+el8.2.0+7855+47abd494      rhel-8-appstream-rhui-rpms     12 M
Installing dependencies:
 mariadb-connector-c-config    noarch    3.1.11-2.el8_3                             rhel-8-appstream-rhui-rpms     15 k
 mysql-common                  x86_64    8.0.21-1.module+el8.2.0+7855+47abd494      rhel-8-appstream-rhui-rpms    148 k
Enabling module streams:
 mysql                                   8.0

Transaction Summary
========================================================================================================================Install  3 Packages

Total download size: 12 M
Installed size: 63 M
Is this ok [y/N]: y
Downloading Packages:
(1/3): mariadb-connector-c-config-3.1.11-2.el8_3.noarch.rpm                             113 kB/s |  15 kB     00:00
(2/3): mysql-common-8.0.21-1.module+el8.2.0+7855+47abd494.x86_64.rpm                    762 kB/s | 148 kB     00:00
(3/3): mysql-8.0.21-1.module+el8.2.0+7855+47abd494.x86_64.rpm                            26 MB/s |  12 MB     00:00
------------------------------------------------------------------------------------------------------------------------Total                                                                                    24 MB/s |  12 MB     00:00
Running transaction check
Transaction check succeeded.
Running transaction test
Transaction test succeeded.
Running transaction
  Preparing        :                                                                                                1/1
  Installing       : mariadb-connector-c-config-3.1.11-2.el8_3.noarch                                               1/3
  Installing       : mysql-common-8.0.21-1.module+el8.2.0+7855+47abd494.x86_64                                      2/3
  Installing       : mysql-8.0.21-1.module+el8.2.0+7855+47abd494.x86_64                                             3/3
  Running scriptlet: mysql-8.0.21-1.module+el8.2.0+7855+47abd494.x86_64                                             3/3
  Verifying        : mysql-8.0.21-1.module+el8.2.0+7855+47abd494.x86_64                                             1/3
  Verifying        : mysql-common-8.0.21-1.module+el8.2.0+7855+47abd494.x86_64                                      2/3
  Verifying        : mariadb-connector-c-config-3.1.11-2.el8_3.noarch                                               3/3

Installed:
  mariadb-connector-c-config-3.1.11-2.el8_3.noarch               mysql-8.0.21-1.module+el8.2.0+7855+47abd494.x86_64
  mysql-common-8.0.21-1.module+el8.2.0+7855+47abd494.x86_64

Complete!
[ec2-user@ip-10-1-32-217 ~]$ mysql -h udacity.coduq9gsmla7.us-east-1.rds.amazonaws.com -P 3306 -u admin -p
Enter password:
Welcome to the MySQL monitor.  Commands end with ; or \g.
Your MySQL connection id is 38
Server version: 8.0.20 Source distribution

Copyright (c) 2000, 2020, Oracle and/or its affiliates. All rights reserved.

Oracle is a registered trademark of Oracle Corporation and/or its
affiliates. Other names may be trademarks of their respective
owners.

Type 'help;' or '\h' for help. Type '\c' to clear the current input statement.

mysql> show databases;
+--------------------+
| Database           |
+--------------------+
| information_schema |
| mysql              |
| performance_schema |
| udacity            |
+--------------------+
4 rows in set (0.00 sec)

mysql> use udacity;
Database changed
mysql> show tables;
Empty set (0.00 sec)

mysql> CREATE TABLE pet (name VARCHAR(20), owner VARCHAR(20),
    ->
    ->
    -> ;
ERROR 1064 (42000): You have an error in your SQL syntax; check the manual that corresponds to your MySQL server version for the right syntax to use near '' at line 1
mysql> CREATE TABLE pet (name VARCHAR(20), owner VARCHAR(20), species VARCHAR(20), sex CHAR(1), birth DATE, death DATE);
Query OK, 0 rows affected (0.06 sec)

mysql> show tables;
+-------------------+
| Tables_in_udacity |
+-------------------+
| pet               |
+-------------------+
1 row in set (0.00 sec)

mysql> insert into pet VALUES ('Puffball','Diane','hamster','f','1999-03-30',NULL);
Query OK, 1 row affected (0.02 sec)

mysql> select * from pet;
+----------+-------+---------+------+------------+-------+
| name     | owner | species | sex  | birth      | death |
+----------+-------+---------+------+------------+-------+
| Puffball | Diane | hamster | f    | 1999-03-30 | NULL  |
+----------+-------+---------+------+------------+-------+
1 row in set (0.00 sec)

mysql> exit;
Bye
[ec2-user@ip-10-1-32-217 ~]$